╔════════════════════════════════════════════════════════════════════════════════════╗
║                                Gas Usage Statistics                                ║
╚════════════════════════════════════════════════════════════════════════════════════╝
╔════════════════════════════════════════════════════════════════════════════════════╗
║ @openzeppelin/contracts/proxy/ERC1967/ERC1967Proxy.sol:ERC1967Proxy                ║
╟────────────────────────────┬─────────────────┬─────────────────────────────────────╢
║ Deployment Cost            │ Deployment Size │                                     ║
╟────────────────────────────┼─────────────────┤                                     ║
║ 148540                     │ 1779            │                                     ║
╚════════════════════════════╧═════════════════╧═════════════════════════════════════╝
╔════════════════════════════════════════════════════════════════════════════════════╗
║ contracts/mock/NoxMock.sol:NoxMock                                                 ║
╟────────────────────────────┬─────────────────┬──────────┬────────┬────────┬────────╢
║ Function name              │ Min             │ Average  │ Median │ Max    │ #calls ║
╟────────────────────────────┼─────────────────┼──────────┼────────┼────────┼────────╢
║ fromExternalEaddress       │ 48187           │ 48187    │ 48187  │ 48187  │ 1      ║
║ fromExternalEbool          │ 48196           │ 48196    │ 48196  │ 48196  │ 1      ║
║ fromExternalEint16         │ 48165           │ 48165    │ 48165  │ 48165  │ 1      ║
║ fromExternalEint256        │ 48177           │ 48177    │ 48177  │ 48177  │ 1      ║
║ fromExternalEuint16        │ 48219           │ 48219    │ 48219  │ 48219  │ 1      ║
║ fromExternalEuint256       │ 48165           │ 48165    │ 48165  │ 48165  │ 1      ║
╟────────────────────────────┼─────────────────┼──────────┴────────┴────────┴────────╢
║ Deployment Cost            │ Deployment Size │                                     ║
╟────────────────────────────┼─────────────────┤                                     ║
║ 2386670                    │ 10825           │                                     ║
╚════════════════════════════╧═════════════════╧═════════════════════════════════════╝
╔════════════════════════════════════════════════════════════════════════════════════╗
║ contracts/NoxCompute.sol:NoxCompute                                                ║
╟────────────────────────────┬─────────────────┬──────────┬────────┬────────┬────────╢
║ Function name              │ Min             │ Average  │ Median │ Max    │ #calls ║
╟────────────────────────────┼─────────────────┼──────────┼────────┼────────┼────────╢
║ add                        │ 15428           │ 15428    │ 15428  │ 15428  │ 5      ║
║ addViewer                  │ 28291           │ 28291    │ 28291  │ 28291  │ 10     ║
║ allow                      │ 6454            │ 18246.31 │ 28354  │ 28354  │ 13     ║
║ allowPublicDecryption      │ 27627           │ 27627    │ 27627  │ 27627  │ 9      ║
║ allowTransient             │ 5100            │ 5100     │ 5100   │ 5100   │ 13     ║
║ burn                       │ 30094           │ 30094    │ 30094  │ 30094  │ 2      ║
║ div                        │ 15453           │ 15453    │ 15453  │ 15453  │ 4      ║
║ eip712Domain               │ 2888            │ 2888     │ 2888   │ 2888   │ 16     ║
║ eq                         │ 15242           │ 15242    │ 15242  │ 15242  │ 5      ║
║ gateway                    │ 2658            │ 2658     │ 2658   │ 2658   │ 2      ║
║ ge                         │ 15152           │ 15152    │ 15152  │ 15152  │ 4      ║
║ gt                         │ 15219           │ 15219    │ 15219  │ 15219  │ 4      ║
║ HANDLE_PROOF_TYPEHASH      │ 436             │ 436      │ 436    │ 436    │ 15     ║
║ initialize                 │ 139971          │ 139971   │ 139971 │ 139971 │ 135    ║
║ isAllowed                  │ 4132            │ 4132     │ 4132   │ 4132   │ 34     ║
║ isPubliclyDecryptable      │ 2951            │ 2951     │ 2951   │ 2951   │ 10     ║
║ isViewer                   │ 3161            │ 6965     │ 7780   │ 7780   │ 17     ║
║ kmsPublicKey               │ 7667            │ 7667     │ 7667   │ 7667   │ 1      ║
║ le                         │ 15152           │ 15152    │ 15152  │ 15152  │ 4      ║
║ lt                         │ 15173           │ 15173    │ 15173  │ 15173  │ 4      ║
║ mint                       │ 30029           │ 30029    │ 30029  │ 30029  │ 2      ║
║ mul                        │ 15385           │ 15385    │ 15385  │ 15385  │ 4      ║
║ ne                         │ 15219           │ 15219    │ 15219  │ 15219  │ 4      ║
║ owner                      │ 2656            │ 2656     │ 2656   │ 2656   │ 1      ║
║ plaintextToEncrypted       │ 7737            │ 7737     │ 7737   │ 7737   │ 12     ║
║ proofExpirationDuration    │ 2617            │ 2617     │ 2617   │ 2617   │ 3      ║
║ proxiableUUID              │ 485             │ 485      │ 485    │ 485    │ 1      ║
║ safeAdd                    │ 20322           │ 20322    │ 20322  │ 20322  │ 5      ║
║ safeSub                    │ 20236           │ 20236    │ 20236  │ 20236  │ 4      ║
║ select                     │ 19326           │ 19326    │ 19326  │ 19326  │ 5      ║
║ setGateway                 │ 9208            │ 26182.26 │ 26308  │ 26308  │ 136    ║
║ setKmsPublicKey            │ 18424           │ 18424    │ 18424  │ 18424  │ 1      ║
║ setProofExpirationDuration │ 9035            │ 9035     │ 9035   │ 9035   │ 1      ║
║ sub                        │ 15474           │ 15474    │ 15474  │ 15474  │ 4      ║
║ transfer                   │ 30094           │ 30094    │ 30094  │ 30094  │ 2      ║
║ upgradeToAndCall           │ 11958           │ 11958    │ 11958  │ 11958  │ 1      ║
║ validateAllowedForAll      │ 1166            │ 5939.33  │ 4746   │ 11906  │ 3      ║
║ validateProof              │ 14641           │ 14641    │ 14641  │ 14641  │ 9      ║
╟────────────────────────────┼─────────────────┼──────────┴────────┴────────┴────────╢
║ Deployment Cost            │ Deployment Size │                                     ║
╟────────────────────────────┼─────────────────┤                                     ║
║ 5097029                    │ 25513           │                                     ║
╚════════════════════════════╧═════════════════╧═════════════════════════════════════╝
