╔════════════════════════════════════════════════════════════════════════════════════╗
║                                Gas Usage Statistics                                ║
╚════════════════════════════════════════════════════════════════════════════════════╝
╔════════════════════════════════════════════════════════════════════════════════════╗
║ @openzeppelin/contracts/proxy/ERC1967/ERC1967Proxy.sol:ERC1967Proxy                ║
╟────────────────────────────┬─────────────────┬─────────────────────────────────────╢
║ Deployment Cost            │ Deployment Size │                                     ║
╟────────────────────────────┼─────────────────┤                                     ║
║ 139679                     │ 1738            │                                     ║
╚════════════════════════════╧═════════════════╧═════════════════════════════════════╝
╔════════════════════════════════════════════════════════════════════════════════════╗
║ contracts/mock/NoxMock.sol:NoxMock                                                 ║
╟────────────────────────────┬─────────────────┬──────────┬────────┬────────┬────────╢
║ Function name              │ Min             │ Average  │ Median │ Max    │ #calls ║
╟────────────────────────────┼─────────────────┼──────────┼────────┼────────┼────────╢
║ compute                    │ 582             │ 582      │ 582    │ 582    │ 1      ║
║ fromExternalEaddress       │ 48175           │ 48175    │ 48175  │ 48175  │ 1      ║
║ fromExternalEbool          │ 48196           │ 48196    │ 48196  │ 48196  │ 1      ║
║ fromExternalEint16         │ 48165           │ 48165    │ 48165  │ 48165  │ 1      ║
║ fromExternalEint256        │ 48165           │ 48165    │ 48165  │ 48165  │ 1      ║
║ fromExternalEuint16        │ 48231           │ 48231    │ 48231  │ 48231  │ 1      ║
║ fromExternalEuint256       │ 48165           │ 48165    │ 48165  │ 48165  │ 1      ║
╟────────────────────────────┼─────────────────┼──────────┴────────┴────────┴────────╢
║ Deployment Cost            │ Deployment Size │                                     ║
╟────────────────────────────┼─────────────────┤                                     ║
║ 2395079                    │ 10864           │                                     ║
╚════════════════════════════╧═════════════════╧═════════════════════════════════════╝
╔════════════════════════════════════════════════════════════════════════════════════╗
║ contracts/NoxCompute.sol:NoxCompute                                                ║
╟────────────────────────────┬─────────────────┬──────────┬────────┬────────┬────────╢
║ Function name              │ Min             │ Average  │ Median │ Max    │ #calls ║
╟────────────────────────────┼─────────────────┼──────────┼────────┼────────┼────────╢
║ add                        │ 14088           │ 14088    │ 14088  │ 14088  │ 5      ║
║ addViewer                  │ 28291           │ 28291    │ 28291  │ 28291  │ 10     ║
║ allow                      │ 6454            │ 18246.31 │ 28354  │ 28354  │ 13     ║
║ allowPublicDecryption      │ 27627           │ 27627    │ 27627  │ 27627  │ 9      ║
║ allowTransient             │ 5100            │ 5100     │ 5100   │ 5100   │ 13     ║
║ burn                       │ 26082           │ 26082    │ 26082  │ 26082  │ 2      ║
║ div                        │ 14113           │ 14113    │ 14113  │ 14113  │ 4      ║
║ eip712Domain               │ 2888            │ 2888     │ 2888   │ 2888   │ 16     ║
║ eq                         │ 13902           │ 13902    │ 13902  │ 13902  │ 5      ║
║ gateway                    │ 2658            │ 2658     │ 2658   │ 2658   │ 2      ║
║ ge                         │ 13812           │ 13812    │ 13812  │ 13812  │ 4      ║
║ gt                         │ 13879           │ 13879    │ 13879  │ 13879  │ 4      ║
║ HANDLE_PROOF_TYPEHASH      │ 436             │ 436      │ 436    │ 436    │ 15     ║
║ initialize                 │ 139971          │ 139971   │ 139971 │ 139971 │ 137    ║
║ isAllowed                  │ 4132            │ 4132     │ 4132   │ 4132   │ 34     ║
║ isPubliclyDecryptable      │ 2951            │ 2951     │ 2951   │ 2951   │ 10     ║
║ isViewer                   │ 3161            │ 6965     │ 7780   │ 7780   │ 17     ║
║ kmsPublicKey               │ 7667            │ 7667     │ 7667   │ 7667   │ 1      ║
║ le                         │ 13812           │ 13812    │ 13812  │ 13812  │ 4      ║
║ lt                         │ 13833           │ 13833    │ 13833  │ 13833  │ 4      ║
║ mint                       │ 26017           │ 26017    │ 26017  │ 26017  │ 2      ║
║ mul                        │ 14045           │ 14045    │ 14045  │ 14045  │ 4      ║
║ ne                         │ 13879           │ 13879    │ 13879  │ 13879  │ 4      ║
║ owner                      │ 2656            │ 2656     │ 2656   │ 2656   │ 1      ║
║ plaintextToEncrypted       │ 6281            │ 6281     │ 6281   │ 6281   │ 12     ║
║ proofExpirationDuration    │ 2617            │ 2617     │ 2617   │ 2617   │ 3      ║
║ proxiableUUID              │ 485             │ 485      │ 485    │ 485    │ 1      ║
║ safeAdd                    │ 17646           │ 17646    │ 17646  │ 17646  │ 5      ║
║ safeSub                    │ 17560           │ 17560    │ 17560  │ 17560  │ 4      ║
║ select                     │ 17990           │ 17990    │ 17990  │ 17990  │ 5      ║
║ setGateway                 │ 9208            │ 26184.09 │ 26308  │ 26308  │ 138    ║
║ setKmsPublicKey            │ 18133           │ 18133    │ 18133  │ 18133  │ 1      ║
║ setProofExpirationDuration │ 9035            │ 9035     │ 9035   │ 9035   │ 1      ║
║ sub                        │ 14134           │ 14134    │ 14134  │ 14134  │ 4      ║
║ transfer                   │ 26082           │ 26082    │ 26082  │ 26082  │ 2      ║
║ upgradeToAndCall           │ 11958           │ 11958    │ 11958  │ 11958  │ 1      ║
║ validateAllowedForAll      │ 1166            │ 5939.33  │ 4746   │ 11906  │ 3      ║
║ validateProof              │ 14641           │ 14641    │ 14641  │ 14641  │ 9      ║
╟────────────────────────────┼─────────────────┼──────────┴────────┴────────┴────────╢
║ Deployment Cost            │ Deployment Size │                                     ║
╟────────────────────────────┼─────────────────┤                                     ║
║ 4988481                    │ 25023           │                                     ║
╚════════════════════════════╧═════════════════╧═════════════════════════════════════╝

