214 passing (210 solidity, 4 nodejs)

╔════════════════════════════════════════════════════════════════════════════════════╗
║                                Gas Usage Statistics                                ║
╚════════════════════════════════════════════════════════════════════════════════════╝
╔════════════════════════════════════════════════════════════════════════════════════╗
║ @openzeppelin/contracts/proxy/ERC1967/ERC1967Proxy.sol:ERC1967Proxy                ║
╟─────────────────────────────┬─────────┬─────────┬─────────┬─────────┬──────────────╢
║ Deployment                  │ Min     │ Average │ Median  │ Max     │ #deployments ║
╟─────────────────────────────┼─────────┼─────────┼─────────┼─────────┼──────────────╢
║                             │ 425670  │ 425875  │ 425898  │ 425898  │ 10           ║
╟─────────────────────────────┼─────────┼─────────┴─────────┴─────────┴──────────────╢
║ Bytecode size               │ 89      │                                            ║
╚═════════════════════════════╧═════════╧════════════════════════════════════════════╝
╔════════════════════════════════════════════════════════════════════════════════════╗
║ contracts/mock/NoxComputeMock.sol:NoxComputeMock                                   ║
╟─────────────────────────────┬─────────┬─────────┬─────────┬─────────┬──────────────╢
║ Function name               │ Min     │ Average │ Median  │ Max     │ #calls       ║
╟─────────────────────────────┼─────────┼─────────┼─────────┼─────────┼──────────────╢
║ grantTransientAndPersistent │ 57615   │ 57615   │ 57615   │ 57615   │ 1            ║
║ isAllowed                   │ 25242   │ 25248   │ 25248   │ 25254   │ 2            ║
╟─────────────────────────────┼─────────┼─────────┼─────────┼─────────┼──────────────╢
║ Deployment                  │ Min     │ Average │ Median  │ Max     │ #deployments ║
╟─────────────────────────────┼─────────┼─────────┼─────────┼─────────┼──────────────╢
║                             │ 3829586 │ 3829586 │ 3829586 │ 3829586 │ 1            ║
╟─────────────────────────────┼─────────┼─────────┴─────────┴─────────┴──────────────╢
║ Bytecode size               │ 17270   │                                            ║
╚═════════════════════════════╧═════════╧════════════════════════════════════════════╝
╔════════════════════════════════════════════════════════════════════════════════════╗
║ contracts/mock/NoxComputeUpgradeMock.sol:NoxComputeUpgradeMock                     ║
╟─────────────────────────────┬─────────┬─────────┬─────────┬─────────┬──────────────╢
║ Deployment                  │ Min     │ Average │ Median  │ Max     │ #deployments ║
╟─────────────────────────────┼─────────┼─────────┼─────────┼─────────┼──────────────╢
║                             │ 3727254 │ 3727254 │ 3727254 │ 3727254 │ 2            ║
╟─────────────────────────────┼─────────┼─────────┴─────────┴─────────┴──────────────╢
║ Bytecode size               │ 16797   │                                            ║
╚═════════════════════════════╧═════════╧════════════════════════════════════════════╝
╔════════════════════════════════════════════════════════════════════════════════════╗
║ contracts/mock/NoxComputeUpgradeMock.sol:NoxComputeUpgradeMock                     ║
║   (via @openzeppelin/contracts/proxy/ERC1967/ERC1967Proxy.sol:ERC1967Proxy)        ║
╟─────────────────────────────┬─────────┬─────────┬─────────┬─────────┬──────────────╢
║ Function name               │ Min     │ Average │ Median  │ Max     │ #calls       ║
╟─────────────────────────────┼─────────┼─────────┼─────────┼─────────┼──────────────╢
║ gateway                     │ 28217   │ 28217   │ 28217   │ 28217   │ 1            ║
║ version                     │ 26398   │ 26398   │ 26398   │ 26398   │ 1            ║
╟─────────────────────────────┼─────────┼─────────┼─────────┼─────────┼──────────────╢
║ Deployment                  │ Min     │ Average │ Median  │ Max     │ #deployments ║
╟─────────────────────────────┼─────────┼─────────┼─────────┼─────────┼──────────────╢
║                             │ 3727254 │ 3727254 │ 3727254 │ 3727254 │ 2            ║
╟─────────────────────────────┼─────────┼─────────┴─────────┴─────────┴──────────────╢
║ Bytecode size               │ 16797   │                                            ║
╚═════════════════════════════╧═════════╧════════════════════════════════════════════╝
╔════════════════════════════════════════════════════════════════════════════════════╗
║ contracts/mock/NoxMock.sol:NoxMock                                                 ║
╟─────────────────────────────┬─────────┬─────────┬─────────┬─────────┬──────────────╢
║ Function name               │ Min     │ Average │ Median  │ Max     │ #calls       ║
╟─────────────────────────────┼─────────┼─────────┼─────────┼─────────┼──────────────╢
║ fromExternalEbool           │ 44613   │ 44613   │ 44613   │ 44613   │ 1            ║
║ fromExternalEint16          │ 43936   │ 43936   │ 43936   │ 43936   │ 1            ║
║ fromExternalEint256         │ 44097   │ 44097   │ 44097   │ 44097   │ 1            ║
║ fromExternalEuint16         │ 44723   │ 44723   │ 44723   │ 44723   │ 1            ║
║ fromExternalEuint256        │ 44569   │ 44569   │ 44569   │ 44569   │ 1            ║
║ noxComputeContract          │ 615     │ 626     │ 626     │ 636     │ 2            ║
║ publicDecryptEbool          │ 18470   │ 18470   │ 18470   │ 18470   │ 1            ║
║ publicDecryptEint16         │ 16926   │ 16926   │ 16926   │ 16926   │ 1            ║
║ publicDecryptEint256        │ 17520   │ 17520   │ 17520   │ 17520   │ 1            ║
║ publicDecryptEuint16        │ 18052   │ 18052   │ 18052   │ 18052   │ 1            ║
║ publicDecryptEuint256       │ 17046   │ 17046   │ 17046   │ 17046   │ 1            ║
╟─────────────────────────────┼─────────┼─────────┼─────────┼─────────┼──────────────╢
║ Deployment                  │ Min     │ Average │ Median  │ Max     │ #deployments ║
╟─────────────────────────────┼─────────┼─────────┼─────────┼─────────┼──────────────╢
║                             │ 1767563 │ 1767563 │ 1767563 │ 1767563 │ 1            ║
╟─────────────────────────────┼─────────┼─────────┴─────────┴─────────┴──────────────╢
║ Bytecode size               │ 7927    │                                            ║
╚═════════════════════════════╧═════════╧════════════════════════════════════════════╝
╔════════════════════════════════════════════════════════════════════════════════════╗
║ contracts/NoxCompute.sol:NoxCompute                                                ║
╟─────────────────────────────┬─────────┬─────────┬─────────┬─────────┬──────────────╢
║ Function name               │ Min     │ Average │ Median  │ Max     │ #calls       ║
╟─────────────────────────────┼─────────┼─────────┼─────────┼─────────┼──────────────╢
║ initialize                  │ 315007  │ 315007  │ 315007  │ 315007  │ 10           ║
║ proxiableUUID               │ 551     │ 551     │ 551     │ 551     │ 1            ║
╟─────────────────────────────┼─────────┼─────────┼─────────┼─────────┼──────────────╢
║ Deployment                  │ Min     │ Average │ Median  │ Max     │ #deployments ║
╟─────────────────────────────┼─────────┼─────────┼─────────┼─────────┼──────────────╢
║                             │ 3719012 │ 3719012 │ 3719012 │ 3719012 │ 16           ║
╟─────────────────────────────┼─────────┼─────────┴─────────┴─────────┴──────────────╢
║ Bytecode size               │ 16759   │                                            ║
╚═════════════════════════════╧═════════╧════════════════════════════════════════════╝
╔════════════════════════════════════════════════════════════════════════════════════╗
║ contracts/NoxCompute.sol:NoxCompute                                                ║
║   (via @openzeppelin/contracts/proxy/ERC1967/ERC1967Proxy.sol:ERC1967Proxy)        ║
╟─────────────────────────────┬─────────┬─────────┬─────────┬─────────┬──────────────╢
║ Function name               │ Min     │ Average │ Median  │ Max     │ #calls       ║
╟─────────────────────────────┼─────────┼─────────┼─────────┼─────────┼──────────────╢
║ setGateway                  │ 35482   │ 35482   │ 35482   │ 35482   │ 3            ║
║ UPGRADE_INTERFACE_VERSION   │ 27147   │ 27147   │ 27147   │ 27147   │ 1            ║
║ upgradeToAndCall            │ 37762   │ 37762   │ 37762   │ 37762   │ 1            ║
║ validateInputProof          │ 40231   │ 40231   │ 40231   │ 40231   │ 1            ║
╟─────────────────────────────┼─────────┼─────────┼─────────┼─────────┼──────────────╢
║ Deployment                  │ Min     │ Average │ Median  │ Max     │ #deployments ║
╟─────────────────────────────┼─────────┼─────────┼─────────┼─────────┼──────────────╢
║                             │ 3719012 │ 3719012 │ 3719012 │ 3719012 │ 16           ║
╟─────────────────────────────┼─────────┼─────────┴─────────┴─────────┴──────────────╢
║ Bytecode size               │ 16759   │                                            ║
╚═════════════════════════════╧═════════╧════════════════════════════════════════════╝
╔════════════════════════════════════════════════════════════════════════════════════╗
║ contracts/NoxCompute.sol:NoxCompute                                                ║
║   (via <UnrecognizedContract>)                                                     ║
╟─────────────────────────────┬─────────┬─────────┬─────────┬─────────┬──────────────╢
║ Function name               │ Min     │ Average │ Median  │ Max     │ #calls       ║
╟─────────────────────────────┼─────────┼─────────┼─────────┼─────────┼──────────────╢
║ add                         │ 38637   │ 43416   │ 40672   │ 58349   │ 10           ║
║ addViewer                   │ 53818   │ 53829   │ 53830   │ 53830   │ 8            ║
║ allow                       │ 32754   │ 44709   │ 54654   │ 54666   │ 11           ║
║ allowPublicDecryption       │ 53275   │ 53286   │ 53287   │ 53287   │ 25           ║
║ allowTransient              │ 30179   │ 30189   │ 30191   │ 30191   │ 5            ║
║ burn                        │ 45620   │ 53933   │ 53933   │ 62246   │ 2            ║
║ DECRYPTION_PROOF_TYPEHASH   │ 5906    │ 5906    │ 5906    │ 5906    │ 17           ║
║ DEFAULT_ADMIN_ROLE          │ 5729    │ 5729    │ 5729    │ 5729    │ 2            ║
║ disallowTransient           │ 30795   │ 30805   │ 30807   │ 30807   │ 5            ║
║ div                         │ 37723   │ 40906   │ 38789   │ 56805   │ 8            ║
║ eip712Domain                │ 2176    │ 6267    │ 6676    │ 6676    │ 33           ║
║ eq                          │ 37631   │ 40814   │ 38697   │ 56713   │ 8            ║
║ gateway                     │ 7153    │ 7153    │ 7153    │ 7153    │ 2            ║
║ ge                          │ 37917   │ 41100   │ 38983   │ 56999   │ 8            ║
║ gt                          │ 38049   │ 41232   │ 39115   │ 57131   │ 8            ║
║ HANDLE_PROOF_TYPEHASH       │ 5796    │ 5796    │ 5796    │ 5796    │ 15           ║
║ hasRole                     │ 7943    │ 7943    │ 7943    │ 7943    │ 2            ║
║ initialize                  │ 342947  │ 342947  │ 342947  │ 342947  │ 5            ║
║ isAllowed                   │ 1403    │ 3546    │ 1403    │ 8154    │ 65           ║
║ isPubliclyDecryptable       │ 1398    │ 6933    │ 7898    │ 7898    │ 9            ║
║ isViewer                    │ 5176    │ 10710   │ 11916   │ 11916   │ 15           ║
║ kmsPublicKey                │ 12842   │ 12842   │ 12842   │ 12842   │ 1            ║
║ le                          │ 38225   │ 41408   │ 39291   │ 57307   │ 8            ║
║ lt                          │ 38489   │ 41672   │ 39555   │ 57571   │ 8            ║
║ mint                        │ 45202   │ 53515   │ 53515   │ 61828   │ 2            ║
║ mul                         │ 38241   │ 41424   │ 39307   │ 57323   │ 8            ║
║ ne                          │ 37851   │ 41034   │ 38917   │ 56933   │ 8            ║
║ proofExpirationDuration     │ 7818    │ 7818    │ 7818    │ 7818    │ 3            ║
║ safeAdd                     │ 40020   │ 43203   │ 41086   │ 59102   │ 8            ║
║ safeDiv                     │ 39822   │ 43005   │ 40888   │ 58904   │ 8            ║
║ safeMul                     │ 39316   │ 42499   │ 40382   │ 58398   │ 8            ║
║ safeSub                     │ 39470   │ 42653   │ 40536   │ 58552   │ 8            ║
║ select                      │ 42205   │ 45154   │ 43037   │ 60819   │ 8            ║
║ setGateway                  │ 35482   │ 35482   │ 35482   │ 35482   │ 1            ║
║ setKmsPublicKey             │ 45206   │ 45206   │ 45206   │ 45206   │ 1            ║
║ setProofExpirationDuration  │ 34741   │ 34741   │ 34741   │ 34741   │ 1            ║
║ sub                         │ 37833   │ 41016   │ 38899   │ 56915   │ 8            ║
║ transfer                    │ 45400   │ 53713   │ 53713   │ 62026   │ 2            ║
║ UPGRADER_ROLE               │ 6079    │ 6079    │ 6079    │ 6079    │ 7            ║
║ upgradeToAndCall            │ 37762   │ 37762   │ 37762   │ 37762   │ 1            ║
║ validateAllowedForAll       │ 3110    │ 9056    │ 9295    │ 14929   │ 5            ║
║ validateDecryptionProof     │ 12731   │ 12760   │ 12758   │ 12792   │ 16           ║
║ wrapAsPublicHandle          │ 30555   │ 50840   │ 52739   │ 53111   │ 23           ║
╟─────────────────────────────┼─────────┼─────────┼─────────┼─────────┼──────────────╢
║ Deployment                  │ Min     │ Average │ Median  │ Max     │ #deployments ║
╟─────────────────────────────┼─────────┼─────────┼─────────┼─────────┼──────────────╢
║                             │ 3719012 │ 3719012 │ 3719012 │ 3719012 │ 16           ║
╟─────────────────────────────┼─────────┼─────────┴─────────┴─────────┴──────────────╢
║ Bytecode size               │ 16759   │                                            ║
╚═════════════════════════════╧═════════╧════════════════════════════════════════════╝
╔════════════════════════════════════════════════════════════════════════════════════╗
║ test/unit/utils/TypeUtils.t.sol:TypeUtilsMock                                      ║
╟─────────────────────────────┬─────────┬─────────┬─────────┬─────────┬──────────────╢
║ Function name               │ Min     │ Average │ Median  │ Max     │ #calls       ║
╟─────────────────────────────┼─────────┼─────────┼─────────┼─────────┼──────────────╢
║ typeOf                      │ 186     │ 186     │ 186     │ 186     │ 1            ║
║ validateArithmeticType      │ 361     │ 417     │ 414     │ 480     │ 4            ║
╟─────────────────────────────┼─────────┼─────────┼─────────┼─────────┼──────────────╢
║ Deployment                  │ Min     │ Average │ Median  │ Max     │ #deployments ║
╟─────────────────────────────┼─────────┼─────────┼─────────┼─────────┼──────────────╢
║                             │ 118703  │ 118703  │ 118703  │ 118703  │ 1            ║
╟─────────────────────────────┼─────────┼─────────┴─────────┴─────────┴──────────────╢
║ Bytecode size               │ 303     │                                            ║
╚═════════════════════════════╧═════════╧════════════════════════════════════════════╝


