221 passing (217 solidity, 4 nodejs)
3 failing (3 solidity, gas-stats replay ordering only — pnpm run test passes 224/224)

╔════════════════════════════════════════════════════════════════════════════════════╗
║                                Gas Usage Statistics                                ║
╚════════════════════════════════════════════════════════════════════════════════════╝
╔════════════════════════════════════════════════════════════════════════════════════╗
║ @openzeppelin/contracts/proxy/ERC1967/ERC1967Proxy.sol:ERC1967Proxy                ║
╟─────────────────────────────┬─────────┬─────────┬─────────┬─────────┬──────────────╢
║ Deployment                  │ Min     │ Average │ Median  │ Max     │ #deployments ║
╟─────────────────────────────┼─────────┼─────────┼─────────┼─────────┼──────────────╢
║                             │ 313652  │ 313857  │ 313880  │ 313880  │ 10           ║
╟─────────────────────────────┼─────────┼─────────┴─────────┴─────────┴──────────────╢
║ Bytecode size               │ 89      │                                            ║
╚═════════════════════════════╧═════════╧════════════════════════════════════════════╝
╔════════════════════════════════════════════════════════════════════════════════════╗
║ contracts/mock/NoxComputeMock.sol:NoxComputeMock                                   ║
╟─────────────────────────────┬─────────┬─────────┬─────────┬─────────┬──────────────╢
║ Function name               │ Min     │ Average │ Median  │ Max     │ #calls       ║
╟─────────────────────────────┼─────────┼─────────┼─────────┼─────────┼──────────────╢
║ grantTransientAndPersistent │ 57659   │ 57659   │ 57659   │ 57659   │ 1            ║
║ isAllowed                   │ 25242   │ 25248   │ 25248   │ 25254   │ 2            ║
╟─────────────────────────────┼─────────┼─────────┼─────────┼─────────┼──────────────╢
║ Deployment                  │ Min     │ Average │ Median  │ Max     │ #deployments ║
╟─────────────────────────────┼─────────┼─────────┼─────────┼─────────┼──────────────╢
║                             │ 3875318 │ 3875318 │ 3875318 │ 3875318 │ 1            ║
╟─────────────────────────────┼─────────┼─────────┴─────────┴─────────┴──────────────╢
║ Bytecode size               │ 17481   │                                            ║
╚═════════════════════════════╧═════════╧════════════════════════════════════════════╝
╔════════════════════════════════════════════════════════════════════════════════════╗
║ contracts/mock/NoxComputeUpgradeMock.sol:NoxComputeUpgradeMock                     ║
╟─────────────────────────────┬─────────┬─────────┬─────────┬─────────┬──────────────╢
║ Deployment                  │ Min     │ Average │ Median  │ Max     │ #deployments ║
╟─────────────────────────────┼─────────┼─────────┼─────────┼─────────┼──────────────╢
║                             │ 3773441 │ 3773441 │ 3773441 │ 3773441 │ 2            ║
╟─────────────────────────────┼─────────┼─────────┴─────────┴─────────┴──────────────╢
║ Bytecode size               │ 17010   │                                            ║
╚═════════════════════════════╧═════════╧════════════════════════════════════════════╝
╔════════════════════════════════════════════════════════════════════════════════════╗
║ contracts/mock/NoxComputeUpgradeMock.sol:NoxComputeUpgradeMock                     ║
║   (via @openzeppelin/contracts/proxy/ERC1967/ERC1967Proxy.sol:ERC1967Proxy)        ║
╟─────────────────────────────┬─────────┬─────────┬─────────┬─────────┬──────────────╢
║ Function name               │ Min     │ Average │ Median  │ Max     │ #calls       ║
╟─────────────────────────────┼─────────┼─────────┼─────────┼─────────┼──────────────╢
║ gateway                     │ 28217   │ 28217   │ 28217   │ 28217   │ 1            ║
║ version                     │ 26398   │ 26398   │ 26398   │ 26398   │ 1            ║
╟─────────────────────────────┼─────────┼─────────┼─────────┼─────────┼──────────────╢
║ Deployment                  │ Min     │ Average │ Median  │ Max     │ #deployments ║
╟─────────────────────────────┼─────────┼─────────┼─────────┼─────────┼──────────────╢
║                             │ 3773441 │ 3773441 │ 3773441 │ 3773441 │ 2            ║
╟─────────────────────────────┼─────────┼─────────┴─────────┴─────────┴──────────────╢
║ Bytecode size               │ 17010   │                                            ║
╚═════════════════════════════╧═════════╧════════════════════════════════════════════╝
╔════════════════════════════════════════════════════════════════════════════════════╗
║ contracts/mock/NoxMock.sol:NoxMock                                                 ║
╟─────────────────────────────┬─────────┬─────────┬─────────┬─────────┬──────────────╢
║ Function name               │ Min     │ Average │ Median  │ Max     │ #calls       ║
╟─────────────────────────────┼─────────┼─────────┼─────────┼─────────┼──────────────╢
║ fromExternalEbool           │ 44635   │ 44635   │ 44635   │ 44635   │ 1            ║
║ fromExternalEint16          │ 43958   │ 43958   │ 43958   │ 43958   │ 1            ║
║ fromExternalEint256         │ 44119   │ 44119   │ 44119   │ 44119   │ 1            ║
║ fromExternalEuint16         │ 44745   │ 44745   │ 44745   │ 44745   │ 1            ║
║ fromExternalEuint256        │ 44591   │ 44591   │ 44591   │ 44591   │ 1            ║
║ noxComputeContract          │ 615     │ 626     │ 626     │ 636     │ 2            ║
║ publicDecryptEbool          │ 18470   │ 18470   │ 18470   │ 18470   │ 1            ║
║ publicDecryptEint16         │ 16926   │ 16926   │ 16926   │ 16926   │ 1            ║
║ publicDecryptEint256        │ 17520   │ 17520   │ 17520   │ 17520   │ 1            ║
║ publicDecryptEuint16        │ 18052   │ 18052   │ 18052   │ 18052   │ 1            ║
║ publicDecryptEuint256       │ 17046   │ 17046   │ 17046   │ 17046   │ 1            ║
╟─────────────────────────────┼─────────┼─────────┼─────────┼─────────┼──────────────╢
║ Deployment                  │ Min     │ Average │ Median  │ Max     │ #deployments ║
╟─────────────────────────────┼─────────┼─────────┼─────────┼─────────┼──────────────╢
║                             │ 1767563 │ 1767563 │ 1767563 │ 1767563 │ 1            ║
╟─────────────────────────────┼─────────┼─────────┴─────────┴─────────┴──────────────╢
║ Bytecode size               │ 7927    │                                            ║
╚═════════════════════════════╧═════════╧════════════════════════════════════════════╝
╔════════════════════════════════════════════════════════════════════════════════════╗
║ contracts/NoxCompute.sol:NoxCompute                                                ║
╟─────────────────────────────┬─────────┬─────────┬─────────┬─────────┬──────────────╢
║ Function name               │ Min     │ Average │ Median  │ Max     │ #calls       ║
╟─────────────────────────────┼─────────┼─────────┼─────────┼─────────┼──────────────╢
║ initialize                  │ 202989  │ 202989  │ 202989  │ 202989  │ 10           ║
║ proxiableUUID               │ 551     │ 551     │ 551     │ 551     │ 1            ║
╟─────────────────────────────┼─────────┼─────────┼─────────┼─────────┼──────────────╢
║ Deployment                  │ Min     │ Average │ Median  │ Max     │ #deployments ║
╟─────────────────────────────┼─────────┼─────────┼─────────┼─────────┼──────────────╢
║                             │ 3764551 │ 3764551 │ 3764551 │ 3764551 │ 16           ║
╟─────────────────────────────┼─────────┼─────────┴─────────┴─────────┴──────────────╢
║ Bytecode size               │ 16972   │                                            ║
╚═════════════════════════════╧═════════╧════════════════════════════════════════════╝
╔════════════════════════════════════════════════════════════════════════════════════╗
║ contracts/NoxCompute.sol:NoxCompute                                                ║
║   (via @openzeppelin/contracts/proxy/ERC1967/ERC1967Proxy.sol:ERC1967Proxy)        ║
╟─────────────────────────────┬─────────┬─────────┬─────────┬─────────┬──────────────╢
║ Function name               │ Min     │ Average │ Median  │ Max     │ #calls       ║
╟─────────────────────────────┼─────────┼─────────┼─────────┼─────────┼──────────────╢
║ setGateway                  │ 35492   │ 35500   │ 35504   │ 35504   │ 3            ║
║ UPGRADE_INTERFACE_VERSION   │ 27169   │ 27169   │ 27169   │ 27169   │ 1            ║
║ upgradeToAndCall            │ 37762   │ 37762   │ 37762   │ 37762   │ 1            ║
║ validateInputProof          │ 40253   │ 40253   │ 40253   │ 40253   │ 1            ║
╟─────────────────────────────┼─────────┼─────────┼─────────┼─────────┼──────────────╢
║ Deployment                  │ Min     │ Average │ Median  │ Max     │ #deployments ║
╟─────────────────────────────┼─────────┼─────────┼─────────┼─────────┼──────────────╢
║                             │ 3764551 │ 3764551 │ 3764551 │ 3764551 │ 16           ║
╟─────────────────────────────┼─────────┼─────────┴─────────┴─────────┴──────────────╢
║ Bytecode size               │ 16972   │                                            ║
╚═════════════════════════════╧═════════╧════════════════════════════════════════════╝
╔════════════════════════════════════════════════════════════════════════════════════╗
║ contracts/NoxCompute.sol:NoxCompute                                                ║
║   (via <UnrecognizedContract>)                                                     ║
╟─────────────────────────────┬─────────┬─────────┬─────────┬─────────┬──────────────╢
║ Function name               │ Min     │ Average │ Median  │ Max     │ #calls       ║
╟─────────────────────────────┼─────────┼─────────┼─────────┼─────────┼──────────────╢
║ add                         │ 38659   │ 43621   │ 41353   │ 60395   │ 8            ║
║ addViewer                   │ 53818   │ 53829   │ 53830   │ 53830   │ 8            ║
║ allow                       │ 32776   │ 44731   │ 54676   │ 54688   │ 11           ║
║ allowPublicDecryption       │ 53275   │ 53286   │ 53287   │ 53287   │ 25           ║
║ allowTransient              │ 30179   │ 30189   │ 30191   │ 30191   │ 5            ║
║ burn                        │ 45642   │ 56398   │ 56398   │ 67153   │ 2            ║
║ DECRYPTION_PROOF_TYPEHASH   │ 5928    │ 5928    │ 5928    │ 5928    │ 17           ║
║ DEFAULT_ADMIN_ROLE          │ 5751    │ 5751    │ 5751    │ 5751    │ 2            ║
║ disallowTransient           │ 30817   │ 30827   │ 30829   │ 30829   │ 5            ║
║ div                         │ 37723   │ 42685   │ 40417   │ 59459   │ 8            ║
║ eip712Domain                │ 2176    │ 6267    │ 6676    │ 6676    │ 33           ║
║ eq                          │ 37631   │ 42593   │ 40325   │ 59367   │ 8            ║
║ gateway                     │ 7153    │ 7153    │ 7153    │ 7153    │ 2            ║
║ ge                          │ 37917   │ 42879   │ 40611   │ 59653   │ 8            ║
║ gt                          │ 38071   │ 43033   │ 40765   │ 59807   │ 8            ║
║ HANDLE_PROOF_TYPEHASH       │ 5818    │ 5818    │ 5818    │ 5818    │ 15           ║
║ hasRole                     │ 7965    │ 7965    │ 7965    │ 7965    │ 2            ║
║ initialize                  │ 230929  │ 230929  │ 230929  │ 230929  │ 5            ║
║ isAllowed                   │ 1345    │ 4174    │ 1403    │ 10107   │ 78           ║
║ isPubliclyDecryptable       │ 1420    │ 6955    │ 7920    │ 7920    │ 9            ║
║ isViewer                    │ 5176    │ 10710   │ 11916   │ 11916   │ 15           ║
║ kmsPublicKey                │ 12864   │ 12864   │ 12864   │ 12864   │ 1            ║
║ le                          │ 38247   │ 43209   │ 40941   │ 59983   │ 8            ║
║ lt                          │ 38511   │ 43473   │ 41205   │ 60247   │ 8            ║
║ mint                        │ 45202   │ 55958   │ 55958   │ 66713   │ 2            ║
║ mul                         │ 38263   │ 43225   │ 40957   │ 59999   │ 8            ║
║ ne                          │ 37851   │ 42813   │ 40545   │ 59587   │ 8            ║
║ proofExpirationDuration     │ 7840    │ 7840    │ 7840    │ 7840    │ 3            ║
║ safeAdd                     │ 40042   │ 45004   │ 42736   │ 61778   │ 8            ║
║ safeDiv                     │ 39844   │ 44806   │ 42538   │ 61580   │ 8            ║
║ safeMul                     │ 39316   │ 44278   │ 42010   │ 61052   │ 8            ║
║ safeSub                     │ 39470   │ 44432   │ 42164   │ 61206   │ 8            ║
║ select                      │ 42227   │ 47467   │ 45199   │ 64520   │ 8            ║
║ setGateway                  │ 35504   │ 35504   │ 35504   │ 35504   │ 1            ║
║ setKmsPublicKey             │ 45206   │ 45206   │ 45206   │ 45206   │ 1            ║
║ setProofExpirationDuration  │ 34741   │ 34741   │ 34741   │ 34741   │ 1            ║
║ sub                         │ 37833   │ 42795   │ 40527   │ 59569   │ 8            ║
║ transfer                    │ 45400   │ 56156   │ 56156   │ 66911   │ 2            ║
║ UPGRADER_ROLE               │ 6101    │ 6101    │ 6101    │ 6101    │ 7            ║
║ upgradeToAndCall            │ 37762   │ 37762   │ 37762   │ 37762   │ 1            ║
║ validateAllowedForAll       │ 3132    │ 9159    │ 9317    │ 14951   │ 5            ║
║ validateDecryptionProof     │ 12731   │ 12760   │ 12758   │ 12792   │ 16           ║
║ wrapAsPublicHandle          │ 30408   │ 30506   │ 30479   │ 30851   │ 25           ║
╟─────────────────────────────┼─────────┼─────────┼─────────┼─────────┼──────────────╢
║ Deployment                  │ Min     │ Average │ Median  │ Max     │ #deployments ║
╟─────────────────────────────┼─────────┼─────────┼─────────┼─────────┼──────────────╢
║                             │ 3764551 │ 3764551 │ 3764551 │ 3764551 │ 16           ║
╟─────────────────────────────┼─────────┼─────────┴─────────┴─────────┴──────────────╢
║ Bytecode size               │ 16972   │                                            ║
╚═════════════════════════════╧═════════╧════════════════════════════════════════════╝
╔════════════════════════════════════════════════════════════════════════════════════╗
║ test/unit/utils/TypeUtils.t.sol:TypeUtilsMock                                      ║
╟─────────────────────────────┬─────────┬─────────┬─────────┬─────────┬──────────────╢
║ Function name               │ Min     │ Average │ Median  │ Max     │ #calls       ║
╟─────────────────────────────┼─────────┼─────────┼─────────┼─────────┼──────────────╢
║ typeOf                      │ 186     │ 186     │ 186     │ 186     │ 1            ║
║ validateArithmeticType      │ 361     │ 417     │ 414     │ 480     │ 4            ║
╟─────────────────────────────┼─────────┼─────────┼─────────┼─────────┼──────────────╢
║ Deployment                  │ Min     │ Average │ Median  │ Max     │ #deployments ║
╟─────────────────────────────┼─────────┼─────────┼─────────┼─────────┼──────────────╢
║                             │ 118703  │ 118703  │ 118703  │ 118703  │ 1            ║
╟─────────────────────────────┼─────────┼─────────┴─────────┴─────────┴──────────────╢
║ Bytecode size               │ 303     │                                            ║
╚═════════════════════════════╧═════════╧════════════════════════════════════════════╝
