205 passing (201 solidity, 4 nodejs)

╔════════════════════════════════════════════════════════════════════════════════════╗
║                                Gas Usage Statistics                                ║
╚════════════════════════════════════════════════════════════════════════════════════╝
╔════════════════════════════════════════════════════════════════════════════════════╗
║ @openzeppelin/contracts/proxy/ERC1967/ERC1967Proxy.sol:ERC1967Proxy                ║
╟─────────────────────────────┬─────────┬─────────┬─────────┬─────────┬──────────────╢
║ Deployment                  │ Min     │ Average │ Median  │ Max     │ #deployments ║
╟─────────────────────────────┼─────────┼─────────┼─────────┼─────────┼──────────────╢
║                             │ 313499  │ 313704  │ 313727  │ 313727  │ 10           ║
╟─────────────────────────────┼─────────┼─────────┴─────────┴─────────┴──────────────╢
║ Bytecode size               │ 89      │                                            ║
╚═════════════════════════════╧═════════╧════════════════════════════════════════════╝
╔════════════════════════════════════════════════════════════════════════════════════╗
║ contracts/mock/NoxComputeMock.sol:NoxComputeMock                                   ║
╟─────────────────────────────┬─────────┬─────────┬─────────┬─────────┬──────────────╢
║ Function name               │ Min     │ Average │ Median  │ Max     │ #calls       ║
╟─────────────────────────────┼─────────┼─────────┼─────────┼─────────┼──────────────╢
║ grantTransientAndPersistent │ 57732   │ 57732   │ 57732   │ 57732   │ 1            ║
║ isAllowed                   │ 25281   │ 25287   │ 25287   │ 25293   │ 2            ║
╟─────────────────────────────┼─────────┼─────────┼─────────┼─────────┼──────────────╢
║ Deployment                  │ Min     │ Average │ Median  │ Max     │ #deployments ║
╟─────────────────────────────┼─────────┼─────────┼─────────┼─────────┼──────────────╢
║                             │ 3776465 │ 3776465 │ 3776465 │ 3776465 │ 1            ║
╟─────────────────────────────┼─────────┼─────────┴─────────┴─────────┴──────────────╢
║ Bytecode size               │ 17024   │                                            ║
╚═════════════════════════════╧═════════╧════════════════════════════════════════════╝
╔════════════════════════════════════════════════════════════════════════════════════╗
║ contracts/mock/NoxComputeUpgradeMock.sol:NoxComputeUpgradeMock                     ║
╟─────────────────────────────┬─────────┬─────────┬─────────┬─────────┬──────────────╢
║ Deployment                  │ Min     │ Average │ Median  │ Max     │ #deployments ║
╟─────────────────────────────┼─────────┼─────────┼─────────┼─────────┼──────────────╢
║                             │ 3674815 │ 3674815 │ 3674815 │ 3674815 │ 2            ║
╟─────────────────────────────┼─────────┼─────────┴─────────┴─────────┴──────────────╢
║ Bytecode size               │ 16554   │                                            ║
╚═════════════════════════════╧═════════╧════════════════════════════════════════════╝
╔════════════════════════════════════════════════════════════════════════════════════╗
║ contracts/mock/NoxComputeUpgradeMock.sol:NoxComputeUpgradeMock                     ║
║   (via @openzeppelin/contracts/proxy/ERC1967/ERC1967Proxy.sol:ERC1967Proxy)        ║
╟─────────────────────────────┬─────────┬─────────┬─────────┬─────────┬──────────────╢
║ Function name               │ Min     │ Average │ Median  │ Max     │ #calls       ║
╟─────────────────────────────┼─────────┼─────────┼─────────┼─────────┼──────────────╢
║ gateway                     │ 28217   │ 28217   │ 28217   │ 28217   │ 1            ║
║ version                     │ 26398   │ 26398   │ 26398   │ 26398   │ 1            ║
╟─────────────────────────────┼─────────┼─────────┼─────────┼─────────┼──────────────╢
║ Deployment                  │ Min     │ Average │ Median  │ Max     │ #deployments ║
╟─────────────────────────────┼─────────┼─────────┼─────────┼─────────┼──────────────╢
║                             │ 3674815 │ 3674815 │ 3674815 │ 3674815 │ 2            ║
╟─────────────────────────────┼─────────┼─────────┴─────────┴─────────┴──────────────╢
║ Bytecode size               │ 16554   │                                            ║
╚═════════════════════════════╧═════════╧════════════════════════════════════════════╝
╔════════════════════════════════════════════════════════════════════════════════════╗
║ contracts/mock/NoxMock.sol:NoxMock                                                 ║
╟─────────────────────────────┬─────────┬─────────┬─────────┬─────────┬──────────────╢
║ Function name               │ Min     │ Average │ Median  │ Max     │ #calls       ║
╟─────────────────────────────┼─────────┼─────────┼─────────┼─────────┼──────────────╢
║ fromExternalEbool           │ 44613   │ 44613   │ 44613   │ 44613   │ 1            ║
║ fromExternalEint16          │ 43936   │ 43936   │ 43936   │ 43936   │ 1            ║
║ fromExternalEint256         │ 44097   │ 44097   │ 44097   │ 44097   │ 1            ║
║ fromExternalEuint16         │ 44723   │ 44723   │ 44723   │ 44723   │ 1            ║
║ fromExternalEuint256        │ 44569   │ 44569   │ 44569   │ 44569   │ 1            ║
║ noxComputeContract          │ 615     │ 626     │ 626     │ 636     │ 2            ║
║ publicDecryptEbool          │ 18470   │ 18470   │ 18470   │ 18470   │ 1            ║
║ publicDecryptEint16         │ 16926   │ 16926   │ 16926   │ 16926   │ 1            ║
║ publicDecryptEint256        │ 17520   │ 17520   │ 17520   │ 17520   │ 1            ║
║ publicDecryptEuint16        │ 18052   │ 18052   │ 18052   │ 18052   │ 1            ║
║ publicDecryptEuint256       │ 17046   │ 17046   │ 17046   │ 17046   │ 1            ║
╟─────────────────────────────┼─────────┼─────────┼─────────┼─────────┼──────────────╢
║ Deployment                  │ Min     │ Average │ Median  │ Max     │ #deployments ║
╟─────────────────────────────┼─────────┼─────────┼─────────┼─────────┼──────────────╢
║                             │ 1767563 │ 1767563 │ 1767563 │ 1767563 │ 1            ║
╟─────────────────────────────┼─────────┼─────────┴─────────┴─────────┴──────────────╢
║ Bytecode size               │ 7927    │                                            ║
╚═════════════════════════════╧═════════╧════════════════════════════════════════════╝
╔════════════════════════════════════════════════════════════════════════════════════╗
║ contracts/NoxCompute.sol:NoxCompute                                                ║
╟─────────────────────────────┬─────────┬─────────┬─────────┬─────────┬──────────────╢
║ Function name               │ Min     │ Average │ Median  │ Max     │ #calls       ║
╟─────────────────────────────┼─────────┼─────────┼─────────┼─────────┼──────────────╢
║ initialize                  │ 202836  │ 202836  │ 202836  │ 202836  │ 10           ║
║ proxiableUUID               │ 551     │ 551     │ 551     │ 551     │ 1            ║
╟─────────────────────────────┼─────────┼─────────┼─────────┼─────────┼──────────────╢
║ Deployment                  │ Min     │ Average │ Median  │ Max     │ #deployments ║
╟─────────────────────────────┼─────────┼─────────┼─────────┼─────────┼──────────────╢
║                             │ 3666607 │ 3666607 │ 3666607 │ 3666607 │ 16           ║
╟─────────────────────────────┼─────────┼─────────┴─────────┴─────────┴──────────────╢
║ Bytecode size               │ 16516   │                                            ║
╚═════════════════════════════╧═════════╧════════════════════════════════════════════╝
╔════════════════════════════════════════════════════════════════════════════════════╗
║ contracts/NoxCompute.sol:NoxCompute                                                ║
║   (via @openzeppelin/contracts/proxy/ERC1967/ERC1967Proxy.sol:ERC1967Proxy)        ║
╟─────────────────────────────┬─────────┬─────────┬─────────┬─────────┬──────────────╢
║ Function name               │ Min     │ Average │ Median  │ Max     │ #calls       ║
╟─────────────────────────────┼─────────┼─────────┼─────────┼─────────┼──────────────╢
║ setGateway                  │ 35482   │ 35482   │ 35482   │ 35482   │ 3            ║
║ UPGRADE_INTERFACE_VERSION   │ 27147   │ 27147   │ 27147   │ 27147   │ 1            ║
║ upgradeToAndCall            │ 37762   │ 37762   │ 37762   │ 37762   │ 1            ║
║ validateInputProof          │ 40231   │ 40231   │ 40231   │ 40231   │ 1            ║
╟─────────────────────────────┼─────────┼─────────┼─────────┼─────────┼──────────────╢
║ Deployment                  │ Min     │ Average │ Median  │ Max     │ #deployments ║
╟─────────────────────────────┼─────────┼─────────┼─────────┼─────────┼──────────────╢
║                             │ 3666607 │ 3666607 │ 3666607 │ 3666607 │ 16           ║
╟─────────────────────────────┼─────────┼─────────┴─────────┴─────────┴──────────────╢
║ Bytecode size               │ 16516   │                                            ║
╚═════════════════════════════╧═════════╧════════════════════════════════════════════╝
╔════════════════════════════════════════════════════════════════════════════════════╗
║ contracts/NoxCompute.sol:NoxCompute                                                ║
║   (via <UnrecognizedContract>)                                                     ║
╟─────────────────────────────┬─────────┬─────────┬─────────┬─────────┬──────────────╢
║ Function name               │ Min     │ Average │ Median  │ Max     │ #calls       ║
╟─────────────────────────────┼─────────┼─────────┼─────────┼─────────┼──────────────╢
║ add                         │ 38317   │ 42048   │ 38762   │ 56017   │ 10           ║
║ addViewer                   │ 53857   │ 53868   │ 53869   │ 53869   │ 8            ║
║ allow                       │ 32793   │ 44748   │ 54693   │ 54705   │ 11           ║
║ allowPublicDecryption       │ 53314   │ 53325   │ 53326   │ 53326   │ 25           ║
║ allowTransient              │ 30218   │ 30228   │ 30230   │ 30230   │ 5            ║
║ burn                        │ 45737   │ 52743   │ 52743   │ 59748   │ 2            ║
║ DECRYPTION_PROOF_TYPEHASH   │ 5906    │ 5906    │ 5906    │ 5906    │ 17           ║
║ DEFAULT_ADMIN_ROLE          │ 5729    │ 5729    │ 5729    │ 5729    │ 2            ║
║ disallowTransient           │ 30834   │ 30844   │ 30846   │ 30846   │ 5            ║
║ div                         │ 37403   │ 39779   │ 37810   │ 54473   │ 8            ║
║ eip712Domain                │ 2176    │ 6267    │ 6676    │ 6676    │ 33           ║
║ eq                          │ 37311   │ 39687   │ 37718   │ 54381   │ 8            ║
║ gateway                     │ 7153    │ 7153    │ 7153    │ 7153    │ 2            ║
║ ge                          │ 37597   │ 39973   │ 38004   │ 54667   │ 8            ║
║ gt                          │ 37729   │ 40105   │ 38136   │ 54799   │ 8            ║
║ HANDLE_PROOF_TYPEHASH       │ 5796    │ 5796    │ 5796    │ 5796    │ 15           ║
║ hasRole                     │ 7943    │ 7943    │ 7943    │ 7943    │ 2            ║
║ initialize                  │ 230776  │ 230776  │ 230776  │ 230776  │ 5            ║
║ isAllowed                   │ 1442    │ 2883    │ 1442    │ 8193    │ 55           ║
║ isPubliclyDecryptable       │ 1398    │ 6933    │ 7898    │ 7898    │ 9            ║
║ isViewer                    │ 5176    │ 10710   │ 11916   │ 11916   │ 15           ║
║ kmsPublicKey                │ 12842   │ 12842   │ 12842   │ 12842   │ 1            ║
║ le                          │ 37905   │ 40281   │ 38312   │ 54975   │ 8            ║
║ lt                          │ 38169   │ 40545   │ 38576   │ 55239   │ 8            ║
║ mint                        │ 45319   │ 52325   │ 52325   │ 59330   │ 2            ║
║ mul                         │ 37921   │ 40297   │ 38328   │ 54991   │ 8            ║
║ ne                          │ 37531   │ 39907   │ 37938   │ 54601   │ 8            ║
║ proofExpirationDuration     │ 7818    │ 7818    │ 7818    │ 7818    │ 3            ║
║ safeAdd                     │ 39700   │ 42076   │ 40107   │ 56770   │ 8            ║
║ safeDiv                     │ 39502   │ 41878   │ 39909   │ 56572   │ 8            ║
║ safeMul                     │ 38996   │ 41372   │ 39403   │ 56066   │ 8            ║
║ safeSub                     │ 39150   │ 41526   │ 39557   │ 56220   │ 8            ║
║ select                      │ 39251   │ 42964   │ 42331   │ 56321   │ 8            ║
║ setGateway                  │ 35482   │ 35482   │ 35482   │ 35482   │ 1            ║
║ setKmsPublicKey             │ 45206   │ 45206   │ 45206   │ 45206   │ 1            ║
║ setProofExpirationDuration  │ 34741   │ 34741   │ 34741   │ 34741   │ 1            ║
║ sub                         │ 37513   │ 39889   │ 37920   │ 54583   │ 8            ║
║ transfer                    │ 45517   │ 52523   │ 52523   │ 59528   │ 2            ║
║ UPGRADER_ROLE               │ 6079    │ 6079    │ 6079    │ 6079    │ 7            ║
║ upgradeToAndCall            │ 37762   │ 37762   │ 37762   │ 37762   │ 1            ║
║ validateAllowedForAll       │ 3188    │ 8237    │ 7138    │ 15046   │ 5            ║
║ validateDecryptionProof     │ 12731   │ 12760   │ 12758   │ 12792   │ 16           ║
║ wrapAsPublicHandle          │ 30221   │ 30332   │ 30292   │ 30664   │ 16           ║
╟─────────────────────────────┼─────────┼─────────┼─────────┼─────────┼──────────────╢
║ Deployment                  │ Min     │ Average │ Median  │ Max     │ #deployments ║
╟─────────────────────────────┼─────────┼─────────┼─────────┼─────────┼──────────────╢
║                             │ 3666607 │ 3666607 │ 3666607 │ 3666607 │ 16           ║
╟─────────────────────────────┼─────────┼─────────┴─────────┴─────────┴──────────────╢
║ Bytecode size               │ 16516   │                                            ║
╚═════════════════════════════╧═════════╧════════════════════════════════════════════╝
╔════════════════════════════════════════════════════════════════════════════════════╗
║ test/unit/utils/TypeUtils.t.sol:TypeUtilsMock                                      ║
╟─────────────────────────────┬─────────┬─────────┬─────────┬─────────┬──────────────╢
║ Function name               │ Min     │ Average │ Median  │ Max     │ #calls       ║
╟─────────────────────────────┼─────────┼─────────┼─────────┼─────────┼──────────────╢
║ typeOf                      │ 186     │ 186     │ 186     │ 186     │ 1            ║
║ validateArithmeticType      │ 361     │ 417     │ 414     │ 480     │ 4            ║
╟─────────────────────────────┼─────────┼─────────┼─────────┼─────────┼──────────────╢
║ Deployment                  │ Min     │ Average │ Median  │ Max     │ #deployments ║
╟─────────────────────────────┼─────────┼─────────┼─────────┼─────────┼──────────────╢
║                             │ 118703  │ 118703  │ 118703  │ 118703  │ 1            ║
╟─────────────────────────────┼─────────┼─────────┴─────────┴─────────┴──────────────╢
║ Bytecode size               │ 303     │                                            ║
╚═════════════════════════════╧═════════╧════════════════════════════════════════════╝
